2026-03-12 18:29:02,554 - User mohd logged in
2026-03-12 18:37:32,855 - User mohd logged in
2026-03-12 18:40:04,590 - User mohd logged in
2026-03-12 18:40:52,403 - User mohd logged in
2026-03-12 19:43:54,726 - User mohd logged in
2026-03-12 19:44:15,695 - User applebees logged in
2026-03-12 19:48:18,540 - User applebees logged in
2026-03-12 19:50:46,957 - User applebees logged in
2026-03-12 19:50:49,462 - User applebees logged out
2026-03-12 19:53:47,925 - User mohd logged in
2026-03-12 19:53:50,175 - User mohd logged out
2026-03-18 17:51:02,077 - User mohd logged in
2026-03-18 17:51:17,272 - User mohd logged out
2026-03-18 17:51:20,714 - User mohd logged in
2026-03-18 17:51:21,606 - User mohd logged out
2026-03-18 17:51:24,638 - User mohd logged in
2026-03-18 17:51:27,000 - User mohd logged out
2026-03-18 17:51:29,976 - User mohd logged in
2026-03-18 17:51:30,780 - User mohd logged out
2026-03-18 17:51:36,463 - User mohd logged in
2026-03-18 17:51:37,369 - User mohd logged out
2026-03-18 17:51:40,435 - User mohd logged in
2026-03-18 17:51:41,552 - User mohd logged out
2026-03-18 17:51:50,136 - User mohd logged in
2026-03-18 17:51:51,465 - User mohd logged out
2026-03-18 17:52:53,550 - User mohd logged in
2026-03-18 17:52:54,889 - User mohd logged out
2026-03-18 17:52:57,914 - User mohd logged in
2026-03-18 17:52:58,718 - User mohd logged out
2026-03-18 17:53:06,871 - User mohd logged in
2026-03-18 17:53:08,169 - User mohd logged out
2026-03-18 17:53:14,870 - User mohd logged in
2026-03-18 17:53:16,011 - User mohd logged out
2026-03-18 17:53:19,486 - User mohd logged in
2026-03-18 17:53:20,689 - User mohd logged out
2026-03-18 17:53:23,515 - User mohd logged in
2026-03-18 17:53:24,352 - User mohd logged out
2026-03-18 17:53:28,063 - User mohd logged in
2026-03-18 17:53:28,927 - User mohd logged out
2026-03-18 17:53:31,646 - User mohd logged in
2026-03-18 17:53:32,778 - User mohd logged out
2026-03-18 17:53:38,124 - User mohd logged in
2026-03-18 17:53:39,315 - User mohd logged out
2026-03-18 18:03:31,776 - User testuser logged in
2026-03-18 18:03:38,367 - User testuser logged in
2026-03-18 18:03:41,055 - User testuser logged in
2026-03-18 18:03:42,005 - User testuser logged in
2026-03-18 18:03:42,894 - User testuser logged in
2026-03-18 18:03:49,367 - User testuser logged in
2026-03-18 18:03:52,537 - User testuser logged in
2026-03-18 18:03:55,811 - User testuser logged in
2026-03-18 18:04:24,238 - User testuser logged in
2026-03-18 18:04:26,252 - User testuser logged in
2026-03-18 18:04:28,243 - User testuser logged in
2026-03-18 18:04:31,557 - User testuser logged in
2026-03-18 18:04:37,685 - User testuser logged in
2026-03-18 18:05:12,582 - User testuser logged in
